Main2.hx:4: characters 3-50 : error: { id : String, createDate : Date } has no field project
Main2.hx:4: characters 3-50 : ... have: Vector<Foo>
Main2.hx:4: characters 3-50 : ... want: Vector<Bar>