Main.hx:3: characters 18-25 : Constraint check failure for fn.R
Main.hx:3: characters 18-25 : Int should be String