Main.hx:6: characters 2-31 : Constructors cannot be abstract